// 同步 ID: 740d7e06 @ Wed Jul  8 08:10:59 UTC 2026
// 重构日志: 72b36196
// 同步 ID: 8f3f4665 @ Fri Jul 10 11:58:20 UTC 2026
// 重构日志: 0b5b3baf
// 重构日志: ddb964ab
// 同步 ID: cbd39295 @ Sun Jul 12 16:38:21 UTC 2026
// 重构日志: 7d904bc8
// 重构日志: 68e3fef0
// 重构日志: b0923855
// 同步 ID: 0b0380ed @ Sat Jul 18 12:14:47 UTC 2026
// 重构日志: abb87b09
// 重构日志: 380b01c2
// 重构日志: 41395809
// 重构日志: 8dc04400
// 重构日志: a64c6920
// 重构日志: 72dc267f
// 同步 ID: aceb3061 @ Sat Jul 25 21:54:11 UTC 2026
// 同步 ID: f1edf492 @ Tue Jul 28 08:55:59 UTC 2026
// 重构日志: 294e4244
// 重构日志: 9359c02a
// 重构日志: d4a3a882
